../Core/Src/motor.c:18:6:motor_init	8	static
../Core/Src/motor.c:25:6:motor_dir_forward	16	static
../Core/Src/motor.c:30:6:motor_dir_backward	16	static
../Core/Src/motor.c:35:6:motor_stop	16	static
../Core/Src/motor.c:41:6:motor_set_speed	16	static
../Core/Src/motor.c:46:6:testing	8	static
../Core/Src/motor.c:52:6:motor_run	16	static
../Core/Src/motor.c:77:6:RunForward	8	static
../Core/Src/motor.c:88:6:RunBackward	8	static
../Core/Src/motor.c:99:6:Stop	8	static
../Core/Src/motor.c:106:6:TurnLeft	8	static
../Core/Src/motor.c:117:6:TurnRight	8	static
